2025-10-25 16:05:44,993 - INFO - Concert Scraper Framework
2025-10-25 16:05:44,993 - INFO - ============================================================
2025-10-25 16:05:44,993 - INFO - Scraping concerts for listopad 2025 (month 11)
2025-10-25 16:05:44,993 - INFO - Total venues: 21
2025-10-25 16:05:44,993 - INFO - ============================================================
2025-10-25 16:05:45,563 - INFO - O2 Arena: Using Playwright (automated, filters sports)
2025-10-25 16:05:45,565 - INFO - Scraping O2 Arena for 11/2025...
2025-10-25 16:05:47,214 - INFO - Opening browser for https://www.o2arena.cz/en/events/
2025-10-25 16:05:50,352 - INFO - Waiting for selector: div.event_preview
2025-10-25 16:05:50,517 - INFO - Successfully fetched 139325 chars of HTML
2025-10-25 16:05:50,567 - INFO - Found 89 event divs on page
2025-10-25 16:05:50,567 - INFO - Found 7 music events for 11/2025 (filtered out 1 sports events)
2025-10-25 16:05:50,567 - INFO - O2 Arena: 7 events (GREEN)
2025-10-25 16:05:50,567 - INFO - O2 Universum: Using Playwright (automated)
2025-10-25 16:05:50,567 - INFO - Scraping O2 Universum for 11/2025...
2025-10-25 16:05:52,213 - INFO - Opening browser for https://www.o2universum.cz/en/events/
2025-10-25 16:05:54,906 - INFO - Waiting for selector: div.event_preview
2025-10-25 16:05:55,073 - INFO - Successfully fetched 126259 chars of HTML
2025-10-25 16:05:55,122 - INFO - Found 89 event divs on page
2025-10-25 16:05:55,122 - INFO - Found 8 events for 11/2025
2025-10-25 16:05:55,122 - INFO - O2 Universum: 8 events (GREEN)
2025-10-25 16:05:55,122 - WARNING - No scraper implemented for Sportovní hala Fortuna (Tipsport Arena)
2025-10-25 16:05:55,122 - INFO - Forum Karlín: Using Playwright (automated)
2025-10-25 16:05:55,122 - INFO - Scraping Forum Karlín for 11/2025...
2025-10-25 16:05:56,600 - INFO - Opening browser for https://www.forumkarlin.cz/en/events/
2025-10-25 16:05:58,328 - INFO - Waiting for selector: div[class*="event"]
2025-10-25 16:05:58,477 - INFO - Successfully fetched 82083 chars of HTML
2025-10-25 16:05:58,520 - INFO - Found 84 event divs
2025-10-25 16:05:58,521 - INFO - Found 6 events
2025-10-25 16:05:58,522 - INFO - Forum Karlín: 6 events (GREEN)
2025-10-25 16:05:58,524 - INFO - Palác Akropolis: Using Beautiful Soup (static HTML)
2025-10-25 16:05:58,524 - INFO - Fetching https://palacakropolis.cz
2025-10-25 16:05:58,612 - INFO - Found 29 events
2025-10-25 16:05:58,612 - INFO - Palác Akropolis: 29 events (GREEN)
2025-10-25 16:05:58,612 - WARNING - No scraper implemented for Lucerna Velký sál
2025-10-25 16:05:58,612 - INFO - Roxy: Using Playwright (automated)
2025-10-25 16:05:58,613 - INFO - Scraping Roxy for 11/2025...
2025-10-25 16:06:00,115 - INFO - Opening browser for https://www.roxy.cz/tickets/
2025-10-25 16:06:22,834 - INFO - Waiting for selector: a.item[href*="/events/detail/"]
2025-10-25 16:06:23,010 - INFO - Successfully fetched 88664 chars of HTML
2025-10-25 16:06:23,077 - INFO - Found 24 events
2025-10-25 16:06:23,077 - INFO - Roxy: 24 events (GREEN)
2025-10-25 16:06:23,077 - INFO - MeetFactory: Using Playwright (automated)
2025-10-25 16:06:23,077 - INFO - Scraping MeetFactory for 11/2025...
2025-10-25 16:06:24,342 - INFO - Opening browser for https://meetfactory.cz/cs/program/hudba
2025-10-25 16:06:26,932 - INFO - Waiting for initial event boxes
2025-10-25 16:06:26,977 - INFO - Starting infinite scroll...
2025-10-25 16:06:28,498 - INFO - Scroll 1: Found 20 event boxes
2025-10-25 16:06:30,039 - INFO - Scroll 2: Found 30 event boxes
2025-10-25 16:06:31,570 - INFO - Scroll 3: Found 39 event boxes
2025-10-25 16:06:33,108 - INFO - Scroll 4: Found 39 event boxes
2025-10-25 16:06:33,113 - INFO - Reached bottom after 4 scrolls
2025-10-25 16:06:33,205 - INFO - Successfully fetched 143088 chars of HTML after scrolling
2025-10-25 16:06:33,260 - INFO - Found 39 event boxes
2025-10-25 16:06:33,260 - INFO - Found 15 events
2025-10-25 16:06:33,260 - INFO - MeetFactory: 15 events (GREEN)
2025-10-25 16:06:33,260 - INFO - Lucerna Music Bar: Using Playwright (automated)
2025-10-25 16:06:33,260 - INFO - Scraping Lucerna Music Bar for 11/2025...
2025-10-25 16:06:34,467 - INFO - Opening browser for https://musicbar.cz/en/program/
2025-10-25 16:06:37,275 - INFO - Waiting for selector: a.program-item
2025-10-25 16:06:37,491 - INFO - Successfully fetched 129370 chars of HTML
2025-10-25 16:06:37,568 - INFO - Found 31 events
2025-10-25 16:06:37,568 - INFO - Lucerna Music Bar: 31 events (GREEN)
2025-10-25 16:06:37,568 - INFO - Rock Café: Using Playwright (automated)
2025-10-25 16:06:37,568 - INFO - Scraping Rock Café for 11/2025...
2025-10-25 16:06:39,320 - INFO - Opening browser for https://rockcafe.cz/en/program/
2025-10-25 16:06:41,459 - INFO - Waiting for selector: a[href*="/en/program/"]
2025-10-25 16:06:41,594 - INFO - Successfully fetched 108747 chars of HTML
2025-10-25 16:06:41,661 - INFO - Found 23 events
2025-10-25 16:06:41,661 - INFO - Rock Café: 23 events (GREEN)
2025-10-25 16:06:41,661 - INFO - Vagon: Using Playwright (automated)
2025-10-25 16:06:41,661 - INFO - Scraping Vagon for 11/2025...
2025-10-25 16:06:43,207 - INFO - Opening browser for https://www.vagon.cz/next.php
2025-10-25 16:06:44,358 - INFO - Waiting for selector: table.table
2025-10-25 16:06:44,526 - INFO - Successfully fetched 16513 chars of HTML
2025-10-25 16:06:44,566 - INFO - Found 26 events
2025-10-25 16:06:44,566 - INFO - Vagon: 26 events (GREEN)
2025-10-25 16:06:44,566 - INFO - Jazz Dock: Using Playwright (automated)
2025-10-25 16:06:44,566 - INFO - Scraping Jazz Dock for 11/2025...
2025-10-25 16:06:46,334 - INFO - Opening browser for https://www.jazzdock.cz/en/program/2025/11
2025-10-25 16:06:49,468 - INFO - Waiting for selector: div.program-item
2025-10-25 16:06:49,583 - INFO - Successfully fetched 178422 chars of HTML
2025-10-25 16:06:49,650 - INFO - Found 20 program items
2025-10-25 16:06:49,667 - INFO - Found 20 events
2025-10-25 16:06:49,667 - INFO - Jazz Dock: 20 events (GREEN)
2025-10-25 16:06:49,667 - INFO - U Staré Paní Jazz & Cocktail Club: Using Playwright via GoOut (automated)
2025-10-25 16:06:49,667 - INFO - Scraping U Staré Paní Jazz & Cocktail Club for 11/2025...
2025-10-25 16:06:51,150 - INFO - Opening browser for https://goout.net/en/u-stare-pani-jazz-and-cocktail-club/vzlll/events/
2025-10-25 16:06:54,716 - INFO - Waiting for selector: div.event
2025-10-25 16:06:54,877 - INFO - Successfully fetched 322455 chars of HTML
2025-10-25 16:06:54,955 - INFO - Found 30 event divs on page
2025-10-25 16:06:54,955 - INFO - Found 25 events for 11/2025
2025-10-25 16:06:54,955 - INFO - U Staré Paní Jazz & Cocktail Club: 25 events (GREEN)
2025-10-25 16:06:54,955 - INFO - Reduta Jazz Club: Using Playwright (automated)
2025-10-25 16:06:54,955 - INFO - Scraping Reduta Jazz Club for 11/2025...
2025-10-25 16:06:56,573 - INFO - Opening browser for https://www.redutajazzclub.cz/program-cs/112025
2025-10-25 16:07:00,626 - INFO - Waiting for selector: td[data-link]
2025-10-25 16:07:00,836 - INFO - Successfully fetched 855601 chars of HTML
2025-10-25 16:07:01,113 - INFO - Found 30 event cells
2025-10-25 16:07:01,128 - INFO - Found 30 events
2025-10-25 16:07:01,129 - INFO - Reduta Jazz Club: 30 events (GREEN)
2025-10-25 16:07:01,129 - INFO - Malostranská beseda: Using Playwright (automated)
2025-10-25 16:07:01,129 - INFO - Scraping Malostranská beseda for 11/2025...
2025-10-25 16:07:02,647 - INFO - Opening browser for https://www.malostranska-beseda.cz/club/program?year=2025&month=11
2025-10-25 16:07:04,459 - INFO - Waiting for selector: div.row
2025-10-25 16:07:04,619 - INFO - Successfully fetched 87105 chars of HTML
2025-10-25 16:07:04,662 - INFO - Found 36 row divs
2025-10-25 16:07:04,678 - INFO - Found 28 events
2025-10-25 16:07:04,678 - INFO - Malostranská beseda: 28 events (GREEN)
2025-10-25 16:07:04,678 - INFO - Cross Club: Using Playwright (automated)
2025-10-25 16:07:04,678 - INFO - Scraping Cross Club for 11/2025...
2025-10-25 16:07:06,316 - INFO - Opening browser for https://www.crossclub.cz/cs/program/
2025-10-25 16:07:11,150 - INFO - Successfully fetched 27491 chars of HTML
2025-10-25 16:07:11,182 - INFO - Found 7 date separator divs
2025-10-25 16:07:11,182 - INFO - Found 1 events for 11/2025
2025-10-25 16:07:11,182 - INFO - Cross Club: 1 events (RED)
2025-10-25 16:07:11,182 - INFO - Watt Music Club: Using Playwright (automated)
2025-10-25 16:07:11,182 - INFO - Scraping Watt Music Club for 11/2025...
2025-10-25 16:07:12,494 - INFO - Opening browser for https://goout.net/en/watt-music-club/vztpab/events/
2025-10-25 16:07:15,105 - INFO - Waiting for selector: div.event
2025-10-25 16:07:15,278 - INFO - Successfully fetched 242454 chars of HTML
2025-10-25 16:07:15,340 - INFO - Found 4 event divs on page
2025-10-25 16:07:15,340 - INFO - Found 3 events for 11/2025
2025-10-25 16:07:15,340 - INFO - Watt Music Club: 3 events (GREEN)
2025-10-25 16:07:15,340 - INFO - Buena Vista Club: Using Playwright (automated)
2025-10-25 16:07:15,340 - INFO - Scraping Buena Vista Club for 11/2025...
2025-10-25 16:07:17,095 - INFO - Opening browser for https://www.buenavistaclub.cz/program-klubu.aspx
2025-10-25 16:07:22,290 - INFO - Successfully fetched 128453 chars of HTML
2025-10-25 16:07:22,364 - INFO - Found 126 h2.nadpis elements (event headers)
2025-10-25 16:07:22,373 - INFO - Found 4 events for 11/2025
2025-10-25 16:07:22,373 - INFO - Buena Vista Club: 4 events (GREEN)
2025-10-25 16:07:22,373 - INFO - Divadlo Pod lampou: Using Playwright (automated, filters theatre)
2025-10-25 16:07:22,374 - INFO - Scraping Divadlo Pod lampou for 11/2025...
2025-10-25 16:07:23,658 - INFO - Opening browser for https://podlampou.cz/events/
2025-10-25 16:07:25,512 - INFO - Waiting for selector: a.list-item
2025-10-25 16:07:25,677 - INFO - Successfully fetched 29761 chars of HTML
2025-10-25 16:07:25,709 - INFO - Found 33 total event items
2025-10-25 16:07:25,713 - INFO - Found 16 music events for 11/2025
2025-10-25 16:07:25,713 - INFO - Divadlo Pod lampou: 16 events (GREEN)
2025-10-25 16:07:25,713 - INFO - Kulturní d\u016fm Še\u0159íkovka: Using Playwright (automated, filters non-music)
2025-10-25 16:07:25,713 - INFO - Scraping Kulturní d\u016fm Še\u0159íkovka for 11/2025...
2025-10-25 16:07:27,398 - INFO - Opening browser for https://www.serikovka.cz/
2025-10-25 16:07:33,599 - INFO - Successfully fetched 95811 chars of HTML
2025-10-25 16:07:33,631 - INFO - Found 29 total article items
2025-10-25 16:07:33,633 - INFO - Found 9 music events for 11/2025
2025-10-25 16:07:33,657 - INFO - Kulturní d\u016fm Še\u0159íkovka: 9 events (GREEN)
2025-10-25 16:07:33,657 - INFO - Papírna Plze\u0148: Using Playwright via GoOut (automated)
2025-10-25 16:07:33,657 - INFO - Scraping Papírna Plze\u0148 for 11/2025...
2025-10-25 16:07:35,262 - INFO - Opening browser for https://goout.net/en/papirna/vzkoab/events/
2025-10-25 16:07:38,122 - INFO - Waiting for selector: div.event
2025-10-25 16:07:38,312 - INFO - Successfully fetched 286419 chars of HTML
2025-10-25 16:07:38,383 - INFO - Found 17 event divs on page
2025-10-25 16:07:38,383 - INFO - Found 16 events for 11/2025
2025-10-25 16:07:38,383 - INFO - Papírna Plze\u0148: 16 events (GREEN)
2025-10-25 16:07:38,383 - INFO - 
Retrying 2 failed venues...
2025-10-25 16:07:38,383 - INFO - Retry: Sportovní hala Fortuna (Tipsport Arena)
2025-10-25 16:07:38,383 - WARNING - No scraper implemented for Sportovní hala Fortuna (Tipsport Arena)
2025-10-25 16:07:38,383 - ERROR -   Failed twice: Sportovní hala Fortuna (Tipsport Arena) - No scraper for Sportovní hala Fortuna (Tipsport Arena)
2025-10-25 16:07:38,383 - INFO - Retry: Lucerna Velký sál
2025-10-25 16:07:38,383 - WARNING - No scraper implemented for Lucerna Velký sál
2025-10-25 16:07:38,383 - ERROR -   Failed twice: Lucerna Velký sál - No scraper for Lucerna Velký sál
2025-10-25 16:07:38,383 - INFO - 
============================================================
2025-10-25 16:07:38,383 - INFO - SCRAPING COMPLETE
2025-10-25 16:07:38,383 - INFO - ============================================================
2025-10-25 16:07:38,383 - INFO - Successful venues: 19/21
2025-10-25 16:07:38,383 - INFO - Total events: 321
2025-10-25 16:07:38,383 - INFO - Status: GREEN=18, YELLOW=0, RED=1
2025-10-25 16:07:38,383 - INFO - ============================================================
2025-10-25 16:07:38,391 - INFO - 
[OK] Saved to events_data.json
Scraping Palác Akropolis for 11/2025...
